<area shape="rect" id="node3" href="$dma__example_8c.html#a44cc91e543bf8b884cd2185a1a06b63" title="Example demonstrating block memory copy." alt="" coords="119,55,231,83">
<area shape="rect" id="node11" href="$dma__driver_8c.html#2b6fd1bd7c95e1fa36786b468e722aa7" title="This function configures the interrupt levels for one DMA channel." alt="" coords="115,157,235,185">
<area shape="rect" id="node13" href="$dma__example_8c.html#391512958e2a232d50160f7b7885872d" title="Example of a repeated block memory copy operation." alt="" coords="104,106,245,134">
<area shape="rect" id="node5" href="$dma__driver_8c.html#3f30990836753fe014b8acab8704172c" title="This function enables one DMA channel sub module." alt="" coords="329,5,473,33">
<area shape="rect" id="node7" href="$dma__driver_8c.html#28ff4b28fd9895e28b123153052b0437" title="This function configures the necessary registers for a block transfer." alt="" coords="340,55,463,83">
<area shape="rect" id="node9" href="$dma__driver_8c.html#b3d1ea8bae209c7c7d4a9f46d636868c" title="This function sends a manual transfer request to the channel." alt="" coords="336,106,467,134">
<area shape="rect" id="node16" href="$dma__driver_8c.html#bdb49e6c3f2c798cd23dd42d45c8281d" title="This function return the interrupt flag status of a channel." alt="" coords="293,157,509,185">
